******************************************************************************
                  TMS470 Linker PC v4.9.5                      
******************************************************************************
>> Linked Fri Jan 11 23:12:17 2013

OUTPUT FILE NAME:   <usb_dev_volume.out>
ENTRY POINT SYMBOL: "_c_int00"  address: 00001ba1


MEMORY CONFIGURATION

         name            origin    length      used     unused   attr    fill
----------------------  --------  ---------  --------  --------  ----  --------
  FLASH                 00000000   00040000  000029e4  0003d61c  R  X
  SRAM                  20000000   00008000  0000060d  000079f3  RW X


SEGMENT ALLOCATION MAP

run origin  load origin   length   init length attrs members
----------  ----------- ---------- ----------- ----- -------
00000000    00000000    000029e8   000029e8    r-x
  00000000    00000000    0000026c   0000026c    r-- .intvecs
  0000026c    0000026c    000023b4   000023b4    r-x .text
  00002620    00002620    000002fc   000002fc    r-- .const
  00002920    00002920    000000c8   000000c8    r-- .cinit
20000000    20000000    00000548   00000000    rw-
  20000000    20000000    00000400   00000000    rw- .stack
  20000400    20000400    00000148   00000000    rw- .bss
20000548    20000548    000000c5   000000c5    rw-
  20000548    20000548    000000c5   000000c5    rw- .data


SECTION ALLOCATION MAP

 output                                  attributes/
section   page    origin      length       input sections
--------  ----  ----------  ----------   ----------------
.intvecs   0    00000000    0000026c     
                  00000000    0000026c     startup_ccs.obj (.intvecs)

.init_array 
*          0    00000000    00000000     UNINITIALIZED

.text      0    0000026c    000023b4     
                  0000026c    000001d8     driverlib-cm4f.lib : sysctl.obj (.text:SysCtlClockGet)
                  00000444    00000188     usblib-cm4f.lib : usbdconfig.obj (.text:USBDeviceConfig)
                  000005cc    00000160                     : usbdenum.obj (.text:USBDEP0StateTxConfig)
                  0000072c    00000122                     : usbdhid.obj (.text:HandleRequest)
                  0000084e    00000002     startup_ccs.obj (.text:FaultISR)
                  00000850    00000120     usb_dev_volume.obj (.text:main)
                  00000970    000000f4     usblib-cm4f.lib : usbdenum.obj (.text:USBDCDInit)
                  00000a64    000000d4                     : usbdenum.obj (.text:USBDeviceEnumHandler)
                  00000b38    000000d0                     : usbdenum.obj (.text:USBDGetDescriptor)
                  00000c08    000000d0                     : usbdhid.obj (.text:USBDHIDCompositeInit)
                  00000cd8    000000c8     driverlib-cm4f.lib : gpio.obj (.text:GPIOPadConfigSet)
                  00000da0    000000bc     usblib-cm4f.lib : usbdconfig.obj (.text:USBDeviceConfigAlternate)
                  00000e5c    000000a4                     : usbdenum.obj (.text:USBDeviceIntHandlerInternal)
                  00000f00    0000009c     rtsv7M4_T_le_v4SPD16_eabi.lib : memcpy_t2.obj (.text)
                  00000f9c    00000094     usblib-cm4f.lib : usbdhid.obj (.text:ProcessIdleTimers)
                  00001030    00000094     driverlib-cm4f.lib : sysctl.obj (.text:SysCtlPeripheralReset)
                  000010c4    00000094     rtsv7M4_T_le_v4SPD16_eabi.lib : auto_init.obj (.text)
                  00001158    00000084     usblib-cm4f.lib : usbdenum.obj (.text:USBDClearFeature)
                  000011dc    00000084                     : usbdenum.obj (.text:USBDSetConfiguration)
                  00001260    00000084                     : usbdenum.obj (.text:USBDSetInterface)
                  000012e4    00000078                     : usbdenum.obj (.text:USBDGetStatus)
                  0000135c    00000076     driverlib-cm4f.lib : usb.obj (.text:USBDevEndpointConfigSet)
                  000013d2    00000002     startup_ccs.obj (.text:IntDefaultHandler)
                  000013d4    00000074     usblib-cm4f.lib : usbdhidcustom.obj (.text:USBDHIDCustomHidCompositeInit)
                  00001448    0000006c                     : usbdenum.obj (.text:USBDSetFeature)
                  000014b4    00000068                     : usbdhidcustom.obj (.text:HIDCustomHidRxHandler)
                  0000151c    00000068                     : usbdenum.obj (.text:USBDEP0StateTx)
                  00001584    00000066                     : usbdhid.obj (.text:HandleGetDescriptor)
                  000015ea    00000002     startup_ccs.obj (.text:NmiSR)
                  000015ec    00000064     driverlib-cm4f.lib : interrupt.obj (.text:IntEnable)
                  00001650    00000064     usblib-cm4f.lib : usbdhid.obj (.text:ProcessDataFromHost)
                  000016b4    0000005e                     : usbdhid.obj (.text:FindHIDDescriptor)
                  00001712    0000005e     driverlib-cm4f.lib : usb.obj (.text:USBDevEndpointStatusClear)
                  00001770    0000005e     rtsv7M4_T_le_v4SPD16_eabi.lib : copy_decompress_rle.obj (.text)
                  000017ce    00000002     --HOLE-- [fill = 0]
                  000017d0    0000005c     usb_dev_volume.obj (.text:CustomHidChangeHandler)
                  0000182c    00000058     driverlib-cm4f.lib : sysctl.obj (.text:SysCtlPeripheralEnable)
                  00001884    00000058     usblib-cm4f.lib : usbdenum.obj (.text:USBDReadAndDispatchRequest)
                  000018dc    00000058                     : usbdenum.obj (.text:USBDStringIndexFromRequest)
                  00001934    00000054                     : usbdconfig.obj (.text:GetEPDescriptorType)
                  00001988    00000050                     : usbdcdesc.obj (.text:USBDCDConfigDescGet)
                  000019d8    00000050     driverlib-cm4f.lib : usb.obj (.text:USBDevEndpointStallClear)
                  00001a28    0000004e     usblib-cm4f.lib : usbdcdesc.obj (.text:ConfigAlternateInterfaceGet)
                  00001a76    00000002     --HOLE-- [fill = 0]
                  00001a78    0000004c     rtsv7M4_T_le_v4SPD16_eabi.lib : cpy_tbl.obj (.text)
                  00001ac4    0000004a     usblib-cm4f.lib : usbdhid.obj (.text:ProcessDataToHost)
                  00001b0e    00000048                     : usbdhid.obj (.text:USBDHIDReportWrite)
                  00001b56    00000002     --HOLE-- [fill = 0]
                  00001b58    00000048                     : usbdenum.obj (.text:USBDeviceResumeTickHandler)
                  00001ba0    00000048     rtsv7M4_T_le_v4SPD16_eabi.lib : boot.obj (.text)
                  00001be8    00000046     driverlib-cm4f.lib : usb.obj (.text:USBFIFOConfigSet)
                  00001c2e    00000044     usblib-cm4f.lib : usbdhid.obj (.text:SetIdleTimeout)
                  00001c72    00000002     --HOLE-- [fill = 0]
                  00001c74    00000044                     : usbdenum.obj (.text:USBDGetInterface)
                  00001cb8    00000044     driverlib-cm4f.lib : usb.obj (.text:USBEndpointDataGet)
                  00001cfc    00000044     rtsv7M4_T_le_v4SPD16_eabi.lib : exit.obj (.text)
                  00001d40    0000003e     usblib-cm4f.lib : usbdconfig.obj (.text:GetEndpointFIFOSize)
                  00001d7e    0000003e                     : usbdhid.obj (.text:ScheduleReportTransmission)
                  00001dbc    0000003c                     : usbdhidcustom.obj (.text:USBDHIDCustomHidStateChange)
                  00001df8    0000003a                     : usbdcdesc.obj (.text:USBDCDConfigGetInterfaceEndpoint)
                  00001e32    00000002     --HOLE-- [fill = 0]
                  00001e34    00000038                     : usbdenum.obj (.text:USBDGetConfiguration)
                  00001e6c    00000038     driverlib-cm4f.lib : usb.obj (.text:USBIntStatusControl)
                  00001ea4    00000036     usblib-cm4f.lib : usbdhid.obj (.text:ClearReportTimer)
                  00001eda    00000036                     : usbdcdesc.obj (.text:NextConfigDescGet)
                  00001f10    00000036     driverlib-cm4f.lib : usb.obj (.text:USBDevEndpointStall)
                  00001f46    00000002     --HOLE-- [fill = 0]
                  00001f48    00000034     usb_dev_volume.obj (.text:CustomHidHandler)
                  00001f7c    00000034     usblib-cm4f.lib : usbdhid.obj (.text:HIDTickHandler)
                  00001fb0    00000034                     : usbdhid.obj (.text:HandleEndpoints)
                  00001fe4    00000034                     : usbtick.obj (.text:InternalUSBStartOfFrameTick)
                  00002018    00000032                     : usbdenum.obj (.text:USBDeviceEnumResetHandler)
                  0000204a    00000030                     : usbdhid.obj (.text:HandleDevice)
                  0000207a    00000002     --HOLE-- [fill = 0]
                  0000207c    00000030                     : usbtick.obj (.text:InternalUSBTickInit)
                  000020ac    00000030     driverlib-cm4f.lib : usb.obj (.text:USBEndpointDataPut)
                  000020dc    0000002e                        : gpio.obj (.text:GPIODirModeSet)
                  0000210a    0000002e                        : usb.obj (.text:USBEndpointDataSend)
                  00002138    0000002c     usblib-cm4f.lib : usbtick.obj (.text:InternalUSBRegisterTickHandler)
                  00002164    0000002c                     : usbdcdesc.obj (.text:USBDCDConfigDescGetNum)
                  00002190    0000002c                     : usbdesc.obj (.text:USBDescGet)
                  000021bc    0000002a                     : usbdhid.obj (.text:HandleConfigChange)
                  000021e6    00000002     --HOLE-- [fill = 0]
                  000021e8    00000028     usb_dev_volume.obj (.text:SysTickIntHandler)
                  00002210    00000028     usblib-cm4f.lib : usbdesc.obj (.text:USBDescGetNum)
                  00002238    00000028     driverlib-cm4f.lib : usb.obj (.text:USBIntEnableControl)
                  00002260    00000028     usb_dev_volume.obj (.text:WaitForSendIdle)
                  00002288    00000024     usblib-cm4f.lib : usbdenum.obj (.text:USBDSetAddress)
                  000022ac    00000024     driverlib-cm4f.lib : usb.obj (.text:USBDevEndpointDataAck)
                  000022d0    00000022     usblib-cm4f.lib : usbdhid.obj (.text:HandleDisconnect)
                  000022f2    00000022                     : usbdhid.obj (.text:HandleEP0DataReceived)
                  00002314    00000020                     : usbdhid.obj (.text:GetIdleTimeout)
                  00002334    00000020                     : usbdhid.obj (.text:HandleEP0DataSent)
                  00002354    00000020                     : usbdhidcustom.obj (.text:USBDHIDCustomHidInit)
                  00002374    00000020                     : usbmode.obj (.text:USBStackModeSet)
                  00002394    0000001e     driverlib-cm4f.lib : usb.obj (.text:USBEndpointDataAvail)
                  000023b2    0000001c     usblib-cm4f.lib : usbdhid.obj (.text:ClearIdleTimers)
                  000023ce    0000001c                     : usbdhidcustom.obj (.text:HIDCustomHidTxHandler)
                  000023ea    0000001c                     : usbdhid.obj (.text:SetDeferredOpFlag)
                  00002406    0000001c                     : usbdcdesc.obj (.text:USBDCDConfigGetInterface)
                  00002422    00000002     --HOLE-- [fill = 0]
                  00002424    0000001c                     : usbdenum.obj (.text:USBDCDStallEP0)
                  00002440    00000018                     : usbdhandler.obj (.text:USB0DeviceIntHandler)
                  00002458    00000018                     : usbdcdesc.obj (.text:USBDCDConfigDescGetSize)
                  00002470    00000018                     : usbdhid.obj (.text:USBDHIDInit)
                  00002488    00000018                     : usbdenum.obj (.text:USBDSetDescriptor)
                  000024a0    00000018                     : usbdenum.obj (.text:USBDSyncFrame)
                  000024b8    00000018     rtsv7M4_T_le_v4SPD16_eabi.lib : _lock.obj (.text)
                  000024d0    00000018                                   : args_main.obj (.text)
                  000024e8    00000016     driverlib-cm4f.lib : usb.obj (.text:USBHostResume)
                  000024fe    00000016                        : usb.obj (.text:USBIndexWrite)
                  00002514    00000014     usblib-cm4f.lib : usbdenum.obj (.text:USBDCDRequestDataEP0)
                  00002528    00000014     driverlib-cm4f.lib : usb.obj (.text:USBIntEnableEndpoint)
                  0000253c    00000012                        : gpio.obj (.text:GPIOPinTypeUSBAnalog)
                  0000254e    00000012     usblib-cm4f.lib : usbdhid.obj (.text:HandleResume)
                  00002560    00000012                     : usbdhid.obj (.text:HandleSuspend)
                  00002572    00000012     driverlib-cm4f.lib : usb.obj (.text:USBEndpointStatus)
                  00002584    00000012     rtsv7M4_T_le_v4SPD16_eabi.lib : copy_zero_init.obj (.text:decompress:ZI)
                  00002596    00000002     --HOLE-- [fill = 0]
                  00002598    00000010     driverlib-cm4f.lib : sysctl.obj (.text:SysCtlUSBPLLEnable)
                  000025a8    00000010     usblib-cm4f.lib : usbdenum.obj (.text:USBDCDSendDataEP0)
                  000025b8    00000010                     : usbdhid.obj (.text:USBDHIDTxPacketAvailable)
                  000025c8    0000000e     rtsv7M4_T_le_v4SPD16_eabi.lib : copy_decompress_none.obj (.text:decompress:none)
                  000025d6    0000000c     driverlib-cm4f.lib : usb.obj (.text:USBIntStatusEndpoint)
                  000025e2    0000000a                        : usb.obj (.text:USBDevConnect)
                  000025ec    0000000a                        : usb.obj (.text:USBDevDisconnect)
                  000025f6    00000008                        : usb.obj (.text:USBDevMode)
                  000025fe    00000008                        : usb.obj (.text:USBOTGMode)
                  00002606    00000006     startup_ccs.obj (.text:ResetISR)
                  0000260c    00000006     driverlib-cm4f.lib : sysctl.obj (.text:SysCtlDelay)
                  00002612    00000006     rtsv7M4_T_le_v4SPD16_eabi.lib : copy_decompress_rle.obj (.text:decompress:rle24)
                  00002618    00000004     usblib-cm4f.lib : usbdhid.obj (.text:HandleReset)
                  0000261c    00000004     driverlib-cm4f.lib : usb.obj (.text:USBDevAddrSet)

.const     0    00002620    000002fc     
                  00002620    00000078     usblib-cm4f.lib : usbdenum.obj (.const:g_sUSBDefaultFIFOConfig)
                  00002698    00000070     driverlib-cm4f.lib : interrupt.obj (.const)
                  00002708    0000006c                        : sysctl.obj (.const:g_pulXtals)
                  00002774    0000005c     usb_dev_volume_structs.obj (.const)
                  000027d0    00000040     driverlib-cm4f.lib : sysctl.obj (.const)
                  00002810    00000034     usblib-cm4f.lib : usbdenum.obj (.const:g_psUSBDStdRequests)
                  00002844    00000034                     : usbdhid.obj (.const)
                  00002878    0000002e     usb_dev_volume_structs.obj (.const:g_pConfigString)
                  000028a6    00000002     --HOLE-- [fill = 0]
                  000028a8    00000029     usblib-cm4f.lib : usbdhidcustom.obj (.const)
                  000028d1    00000003     --HOLE-- [fill = 0]
                  000028d4    00000024     usb_dev_volume_structs.obj (.const:g_pManufacturerString)
                  000028f8    00000024     usb_dev_volume_structs.obj (.const:g_pProductString)

.cinit     0    00002920    000000c8     
                  00002920    0000009d     (.cinit..data.load) [load image, compression = rle]
                  000029bd    00000003     --HOLE-- [fill = 0]
                  000029c0    0000000c     (__TI_handler_table)
                  000029cc    00000004     --HOLE-- [fill = 0]
                  000029d0    00000008     (.cinit..bss.load) [load image, compression = zero_init]
                  000029d8    00000010     (__TI_cinit_table)

.stack     0    20000000    00000400     UNINITIALIZED
                  20000000    00000400     --HOLE--

.bss       0    20000400    00000148     UNINITIALIZED
                  20000400    0000006c     usb_dev_volume_structs.obj (.bss:g_sCustomHidInstance)
                  2000046c    00000054     usblib-cm4f.lib : usbdenum.obj (.bss:g_psUSBDevice)
                  200004c0    00000040                     : usbdenum.obj (.bss:g_pucDataBufferIn)
                  20000500    00000030                     : usbtick.obj (.bss)
                  20000530    0000000c     usb_dev_volume.obj (.bss)
                  2000053c    0000000c     usblib-cm4f.lib : usbmode.obj (.bss)

.data      0    20000548    000000c5     
                  20000548    0000004c     usblib-cm4f.lib : usbdhid.obj (.data:g_sHIDDeviceInfo)
                  20000594    00000048                     : usbdhid.obj (.data)
                  200005dc    0000000c                     : usbtick.obj (.data)
                  200005e8    00000009                     : usbmode.obj (.data)
                  200005f1    00000003     --HOLE--
                  200005f4    00000008     rtsv7M4_T_le_v4SPD16_eabi.lib : _lock.obj (.data)
                  200005fc    00000008                                   : exit.obj (.data)
                  20000604    00000004                                   : stkdepth_vars.obj (.data)
                  20000608    00000004     usblib-cm4f.lib : usbdenum.obj (.data)
                  2000060c    00000001     usb_dev_volume.obj (.data)


LINKER GENERATED COPY TABLES

__TI_cinit_table @ 000029d8 records: 2, size/record: 8, table size: 16
	.data: load addr=00002920, load size=0000009d bytes, run addr=20000548, run size=000000c5 bytes, compression=rle
	.bss: load addr=000029d0, load size=00000008 bytes, run addr=20000400, run size=00000148 bytes, compression=zero_init


LINKER GENERATED HANDLER TABLE

__TI_handler_table @ 000029c0 records: 3, size/record: 4, table size: 12
	index: 0, handler: __TI_decompress_rle24
	index: 1, handler: __TI_decompress_none
	index: 2, handler: __TI_zero_init


GLOBAL SYMBOLS: SORTED ALPHABETICALLY BY Name 

address    name
--------   ----
00001cfd   C$$EXIT
000017d1   CustomHidChangeHandler
00001f49   CustomHidHandler
000020dd   GPIODirModeSet
00000cd9   GPIOPadConfigSet
0000253d   GPIOPinTypeUSBAnalog
000015ed   IntEnable
00002139   InternalUSBRegisterTickHandler
00001fe5   InternalUSBStartOfFrameTick
0000207d   InternalUSBTickInit
00002607   ResetISR
UNDEFED    SHT$$INIT_ARRAY$$Base
UNDEFED    SHT$$INIT_ARRAY$$Limit
0000026d   SysCtlClockGet
0000260d   SysCtlDelay
0000182d   SysCtlPeripheralEnable
00001031   SysCtlPeripheralReset
00002599   SysCtlUSBPLLEnable
000021e9   SysTickIntHandler
00002441   USB0DeviceIntHandler
00001989   USBDCDConfigDescGet
00002165   USBDCDConfigDescGetNum
00002459   USBDCDConfigDescGetSize
00002407   USBDCDConfigGetInterface
00001df9   USBDCDConfigGetInterfaceEndpoint
00000971   USBDCDInit
00002515   USBDCDRequestDataEP0
000025a9   USBDCDSendDataEP0
00002425   USBDCDStallEP0
00000c09   USBDHIDCompositeInit
000013d5   USBDHIDCustomHidCompositeInit
00002355   USBDHIDCustomHidInit
00001dbd   USBDHIDCustomHidStateChange
00002471   USBDHIDInit
00001b0f   USBDHIDReportWrite
000025b9   USBDHIDTxPacketAvailable
00002191   USBDescGet
00002211   USBDescGetNum
0000261d   USBDevAddrSet
000025e3   USBDevConnect
000025ed   USBDevDisconnect
0000135d   USBDevEndpointConfigSet
000022ad   USBDevEndpointDataAck
00001f11   USBDevEndpointStall
000019d9   USBDevEndpointStallClear
00001713   USBDevEndpointStatusClear
000025f7   USBDevMode
00000445   USBDeviceConfig
00000da1   USBDeviceConfigAlternate
00000a65   USBDeviceEnumHandler
00002019   USBDeviceEnumResetHandler
00000e5d   USBDeviceIntHandlerInternal
00001b59   USBDeviceResumeTickHandler
00002395   USBEndpointDataAvail
00001cb9   USBEndpointDataGet
000020ad   USBEndpointDataPut
0000210b   USBEndpointDataSend
00002573   USBEndpointStatus
00001be9   USBFIFOConfigSet
000024e9   USBHostResume
00002239   USBIntEnableControl
00002529   USBIntEnableEndpoint
00001e6d   USBIntStatusControl
000025d7   USBIntStatusEndpoint
000025ff   USBOTGMode
00002375   USBStackModeSet
00002261   WaitForSendIdle
20000400   __STACK_END
00000400   __STACK_SIZE
20000400   __STACK_TOP
000029d8   __TI_CINIT_Base
000029e8   __TI_CINIT_Limit
000029c0   __TI_Handler_Table_Base
000029cc   __TI_Handler_Table_Limit
00000001   __TI_args_main
000010c5   __TI_auto_init
000025c9   __TI_decompress_none
00002613   __TI_decompress_rle24
00000000   __TI_static_base__
00002585   __TI_zero_init
00000f01   __aeabi_memcpy
00000f01   __aeabi_memcpy4
00000f01   __aeabi_memcpy8
ffffffff   __binit__
ffffffff   __c_args__
20000000   __stack
000024d1   _args_main
00001ba1   _c_int00
200005fc   _cleanup_ptr
20000600   _dtors_ptr
200005f4   _lock
000024c5   _nop
000024bf   _register_lock
000024b9   _register_unlock
200005f8   _unlock
00001d01   abort
ffffffff   binit
00001a79   copy_in
00001d09   exit
20000534   g_bConnected
200005dc   g_bUSBTimerInitialized
2000060c   g_eCustomHidState
20000540   g_eOTGModeState
200005e8   g_eUSBMode
00002878   g_pConfigString
00002874   g_pHIDConfigDescriptors
200005a6   g_pHIDDescriptor
20000594   g_pHIDDeviceDescriptor
00002844   g_pHIDInEndpoint
200005af   g_pHIDInterface
0000278a   g_pHIDInterfaceString
0000284b   g_pHIDOutEndpoint
00002774   g_pLangDescriptor
000028d4   g_pManufacturerString
000028f8   g_pProductString
00002778   g_pSerialNumberString
0000279c   g_pStringDescriptors
20000500   g_pfTickHandlers
00000000   g_pfnVectors
200005c0   g_psHIDSections
2000046c   g_psUSBDevice
20000518   g_pvTickInstance
000027b4   g_sCustomHidDevice
20000400   g_sCustomHidInstance
200005d4   g_sHIDConfigHeader
00002854   g_sHIDConfigSection
200005b8   g_sHIDDescriptorSection
20000548   g_sHIDDeviceInfo
00002864   g_sHIDInEndpointSection
0000285c   g_sHIDInterfaceSection
0000286c   g_sHIDOutEndpointSection
00002620   g_sUSBDefaultFIFOConfig
20000530   g_ulCommands
200005e0   g_ulCurrentUSBTick
2000053c   g_ulPollRate
20000538   g_ulSysTickCount
200005e4   g_ulUSBSOFCount
200005ec   g_ulWaitTicks
00000851   main
20000604   main_func_sp
00000f01   memcpy


GLOBAL SYMBOLS: SORTED BY Symbol Address 

address    name
--------   ----
00000000   __TI_static_base__
00000000   g_pfnVectors
00000001   __TI_args_main
0000026d   SysCtlClockGet
00000400   __STACK_SIZE
00000445   USBDeviceConfig
00000851   main
00000971   USBDCDInit
00000a65   USBDeviceEnumHandler
00000c09   USBDHIDCompositeInit
00000cd9   GPIOPadConfigSet
00000da1   USBDeviceConfigAlternate
00000e5d   USBDeviceIntHandlerInternal
00000f01   __aeabi_memcpy
00000f01   __aeabi_memcpy4
00000f01   __aeabi_memcpy8
00000f01   memcpy
00001031   SysCtlPeripheralReset
000010c5   __TI_auto_init
0000135d   USBDevEndpointConfigSet
000013d5   USBDHIDCustomHidCompositeInit
000015ed   IntEnable
00001713   USBDevEndpointStatusClear
000017d1   CustomHidChangeHandler
0000182d   SysCtlPeripheralEnable
00001989   USBDCDConfigDescGet
000019d9   USBDevEndpointStallClear
00001a79   copy_in
00001b0f   USBDHIDReportWrite
00001b59   USBDeviceResumeTickHandler
00001ba1   _c_int00
00001be9   USBFIFOConfigSet
00001cb9   USBEndpointDataGet
00001cfd   C$$EXIT
00001d01   abort
00001d09   exit
00001dbd   USBDHIDCustomHidStateChange
00001df9   USBDCDConfigGetInterfaceEndpoint
00001e6d   USBIntStatusControl
00001f11   USBDevEndpointStall
00001f49   CustomHidHandler
00001fe5   InternalUSBStartOfFrameTick
00002019   USBDeviceEnumResetHandler
0000207d   InternalUSBTickInit
000020ad   USBEndpointDataPut
000020dd   GPIODirModeSet
0000210b   USBEndpointDataSend
00002139   InternalUSBRegisterTickHandler
00002165   USBDCDConfigDescGetNum
00002191   USBDescGet
000021e9   SysTickIntHandler
00002211   USBDescGetNum
00002239   USBIntEnableControl
00002261   WaitForSendIdle
000022ad   USBDevEndpointDataAck
00002355   USBDHIDCustomHidInit
00002375   USBStackModeSet
00002395   USBEndpointDataAvail
00002407   USBDCDConfigGetInterface
00002425   USBDCDStallEP0
00002441   USB0DeviceIntHandler
00002459   USBDCDConfigDescGetSize
00002471   USBDHIDInit
000024b9   _register_unlock
000024bf   _register_lock
000024c5   _nop
000024d1   _args_main
000024e9   USBHostResume
00002515   USBDCDRequestDataEP0
00002529   USBIntEnableEndpoint
0000253d   GPIOPinTypeUSBAnalog
00002573   USBEndpointStatus
00002585   __TI_zero_init
00002599   SysCtlUSBPLLEnable
000025a9   USBDCDSendDataEP0
000025b9   USBDHIDTxPacketAvailable
000025c9   __TI_decompress_none
000025d7   USBIntStatusEndpoint
000025e3   USBDevConnect
000025ed   USBDevDisconnect
000025f7   USBDevMode
000025ff   USBOTGMode
00002607   ResetISR
0000260d   SysCtlDelay
00002613   __TI_decompress_rle24
0000261d   USBDevAddrSet
00002620   g_sUSBDefaultFIFOConfig
00002774   g_pLangDescriptor
00002778   g_pSerialNumberString
0000278a   g_pHIDInterfaceString
0000279c   g_pStringDescriptors
000027b4   g_sCustomHidDevice
00002844   g_pHIDInEndpoint
0000284b   g_pHIDOutEndpoint
00002854   g_sHIDConfigSection
0000285c   g_sHIDInterfaceSection
00002864   g_sHIDInEndpointSection
0000286c   g_sHIDOutEndpointSection
00002874   g_pHIDConfigDescriptors
00002878   g_pConfigString
000028d4   g_pManufacturerString
000028f8   g_pProductString
000029c0   __TI_Handler_Table_Base
000029cc   __TI_Handler_Table_Limit
000029d8   __TI_CINIT_Base
000029e8   __TI_CINIT_Limit
20000000   __stack
20000400   __STACK_END
20000400   __STACK_TOP
20000400   g_sCustomHidInstance
2000046c   g_psUSBDevice
20000500   g_pfTickHandlers
20000518   g_pvTickInstance
20000530   g_ulCommands
20000534   g_bConnected
20000538   g_ulSysTickCount
2000053c   g_ulPollRate
20000540   g_eOTGModeState
20000548   g_sHIDDeviceInfo
20000594   g_pHIDDeviceDescriptor
200005a6   g_pHIDDescriptor
200005af   g_pHIDInterface
200005b8   g_sHIDDescriptorSection
200005c0   g_psHIDSections
200005d4   g_sHIDConfigHeader
200005dc   g_bUSBTimerInitialized
200005e0   g_ulCurrentUSBTick
200005e4   g_ulUSBSOFCount
200005e8   g_eUSBMode
200005ec   g_ulWaitTicks
200005f4   _lock
200005f8   _unlock
200005fc   _cleanup_ptr
20000600   _dtors_ptr
20000604   main_func_sp
2000060c   g_eCustomHidState
ffffffff   __binit__
ffffffff   __c_args__
ffffffff   binit
UNDEFED    SHT$$INIT_ARRAY$$Base
UNDEFED    SHT$$INIT_ARRAY$$Limit

[141 symbols]
