******************************************************************************
                  TMS470 Linker PC v4.9.5                      
******************************************************************************
>> Linked Tue Dec 25 22:05:00 2012

OUTPUT FILE NAME:   <usb_dev_mouse.out>
ENTRY POINT SYMBOL: "_c_int00"  address: 00002179


MEMORY CONFIGURATION

         name            origin    length      used     unused   attr    fill
----------------------  --------  ---------  --------  --------  ----  --------
  FLASH                 00000000   00040000  00003141  0003cebf  R  X
  SRAM                  20000000   00008000  00000ab1  0000754f  RW X


SEGMENT ALLOCATION MAP

run origin  load origin   length   init length attrs members
----------  ----------- ---------- ----------- ----- -------
00000000    00000000    00003148   00003148    r-x
  00000000    00000000    0000026c   0000026c    r-- .intvecs
  0000026c    0000026c    00002a48   00002a48    r-x .text
  00002cb4    00002cb4    000003c5   000003c5    r-- .const
  00003080    00003080    000000c8   000000c8    r-- .cinit
20000000    20000000    000009d4   00000000    rw-
  20000000    20000000    000005d4   00000000    rw- .bss
  200005d4    200005d4    00000400   00000000    rw- .stack
200009d4    200009d4    000000dd   000000dd    rw-
  200009d4    200009d4    000000dd   000000dd    rw- .data


SECTION ALLOCATION MAP

 output                                  attributes/
section   page    origin      length       input sections
--------  ----  ----------  ----------   ----------------
.intvecs   0    00000000    0000026c     
                  00000000    0000026c     startup_ccs.obj (.intvecs)

.init_array 
*          0    00000000    00000000     UNINITIALIZED

.text      0    0000026c    00002a48     
                  0000026c    0000023e     uartstdio.obj (.text:UARTprintf)
                  000004aa    00000002     startup_ccs.obj (.text:FaultISR)
                  000004ac    000001d8     driverlib-cm4f.lib : sysctl.obj (.text:SysCtlClockGet)
                  00000684    00000188     usblib-cm4f.lib : usbdconfig.obj (.text:USBDeviceConfig)
                  0000080c    00000160                     : usbdenum.obj (.text:USBDEP0StateTxConfig)
                  0000096c    0000015c     uartstdio.obj (.text:UARTStdioIntHandler)
                  00000ac8    0000014c     usb_dev_mouse.obj (.text:main)
                  00000c14    00000122     usblib-cm4f.lib : usbdhid.obj (.text:HandleRequest)
                  00000d36    00000002     startup_ccs.obj (.text:IntDefaultHandler)
                  00000d38    000000f4     usblib-cm4f.lib : usbdenum.obj (.text:USBDCDInit)
                  00000e2c    000000d4                     : usbdenum.obj (.text:USBDeviceEnumHandler)
                  00000f00    000000d0                     : usbdenum.obj (.text:USBDGetDescriptor)
                  00000fd0    000000d0                     : usbdhid.obj (.text:USBDHIDCompositeInit)
                  000010a0    000000c8     driverlib-cm4f.lib : gpio.obj (.text:GPIOPadConfigSet)
                  00001168    000000bc     usblib-cm4f.lib : usbdconfig.obj (.text:USBDeviceConfigAlternate)
                  00001224    000000a4     uartstdio.obj (.text:UARTStdioConfig)
                  000012c8    000000a4     usblib-cm4f.lib : usbdenum.obj (.text:USBDeviceIntHandlerInternal)
                  0000136c    0000009c     rtsv7M4_T_le_v4SPD16_eabi.lib : memcpy_t2.obj (.text)
                  00001408    00000094     usblib-cm4f.lib : usbdhid.obj (.text:ProcessIdleTimers)
                  0000149c    00000094     driverlib-cm4f.lib : sysctl.obj (.text:SysCtlPeripheralReset)
                  00001530    00000094     uartstdio.obj (.text:UARTwrite)
                  000015c4    00000094     rtsv7M4_T_le_v4SPD16_eabi.lib : auto_init.obj (.text)
                  00001658    00000084     usblib-cm4f.lib : usbdenum.obj (.text:USBDClearFeature)
                  000016dc    00000084                     : usbdenum.obj (.text:USBDSetConfiguration)
                  00001760    00000084                     : usbdenum.obj (.text:USBDSetInterface)
                  000017e4    00000080     uartstdio.obj (.text:UARTPrimeTransmit)
                  00001864    00000078     usblib-cm4f.lib : usbdenum.obj (.text:USBDGetStatus)
                  000018dc    00000078                     : usbdhidmouse.obj (.text:USBDHIDMouseCompositeInit)
                  00001954    00000076     driverlib-cm4f.lib : usb.obj (.text:USBDevEndpointConfigSet)
                  000019ca    00000002     startup_ccs.obj (.text:NmiSR)
                  000019cc    0000006c     usblib-cm4f.lib : usbdenum.obj (.text:USBDSetFeature)
                  00001a38    00000068                     : usbdhidmouse.obj (.text:HIDMouseRxHandler)
                  00001aa0    00000068     usb_dev_mouse.obj (.text:MoveHandler)
                  00001b08    00000068     usblib-cm4f.lib : usbdenum.obj (.text:USBDEP0StateTx)
                  00001b70    00000066                     : usbdhid.obj (.text:HandleGetDescriptor)
                  00001bd6    00000002     --HOLE-- [fill = 0]
                  00001bd8    00000064     driverlib-cm4f.lib : interrupt.obj (.text:IntEnable)
                  00001c3c    00000064     usblib-cm4f.lib : usbdhid.obj (.text:ProcessDataFromHost)
                  00001ca0    0000005e                     : usbdhid.obj (.text:FindHIDDescriptor)
                  00001cfe    0000005e     driverlib-cm4f.lib : usb.obj (.text:USBDevEndpointStatusClear)
                  00001d5c    0000005e     rtsv7M4_T_le_v4SPD16_eabi.lib : copy_decompress_rle.obj (.text)
                  00001dba    00000002     --HOLE-- [fill = 0]
                  00001dbc    00000058     driverlib-cm4f.lib : sysctl.obj (.text:SysCtlPeripheralEnable)
                  00001e14    00000058     usblib-cm4f.lib : usbdenum.obj (.text:USBDReadAndDispatchRequest)
                  00001e6c    00000058                     : usbdenum.obj (.text:USBDStringIndexFromRequest)
                  00001ec4    00000054                     : usbdconfig.obj (.text:GetEPDescriptorType)
                  00001f18    00000050                     : usbdcdesc.obj (.text:USBDCDConfigDescGet)
                  00001f68    00000050     driverlib-cm4f.lib : usb.obj (.text:USBDevEndpointStallClear)
                  00001fb8    0000004e     usblib-cm4f.lib : usbdcdesc.obj (.text:ConfigAlternateInterfaceGet)
                  00002006    00000002     --HOLE-- [fill = 0]
                  00002008    0000004c     rtsv7M4_T_le_v4SPD16_eabi.lib : cpy_tbl.obj (.text)
                  00002054    0000004a     usblib-cm4f.lib : usbdhid.obj (.text:ProcessDataToHost)
                  0000209e    00000002     --HOLE-- [fill = 0]
                  000020a0    00000048     driverlib-cm4f.lib : gpio.obj (.text:GPIOPinConfigure)
                  000020e8    00000048     usblib-cm4f.lib : usbdhid.obj (.text:USBDHIDReportWrite)
                  00002130    00000048                     : usbdenum.obj (.text:USBDeviceResumeTickHandler)
                  00002178    00000048     rtsv7M4_T_le_v4SPD16_eabi.lib : boot.obj (.text)
                  000021c0    00000046     driverlib-cm4f.lib : usb.obj (.text:USBFIFOConfigSet)
                  00002206    00000044     usblib-cm4f.lib : usbdhid.obj (.text:SetIdleTimeout)
                  0000224a    00000002     --HOLE-- [fill = 0]
                  0000224c    00000044                     : usbdenum.obj (.text:USBDGetInterface)
                  00002290    00000044     driverlib-cm4f.lib : usb.obj (.text:USBEndpointDataGet)
                  000022d4    00000044     rtsv7M4_T_le_v4SPD16_eabi.lib : exit.obj (.text)
                  00002318    00000042                                   : u_divt2.obj (.text)
                  0000235a    0000003e     usblib-cm4f.lib : usbdconfig.obj (.text:GetEndpointFIFOSize)
                  00002398    0000003e                     : usbdhid.obj (.text:ScheduleReportTransmission)
                  000023d6    0000003a                     : usbdcdesc.obj (.text:USBDCDConfigGetInterfaceEndpoint)
                  00002410    00000038     uartstdio.obj (.text:UARTFlushTx)
                  00002448    00000038     usblib-cm4f.lib : usbdenum.obj (.text:USBDGetConfiguration)
                  00002480    00000038     driverlib-cm4f.lib : usb.obj (.text:USBIntStatusControl)
                  000024b8    00000036     usblib-cm4f.lib : usbdhid.obj (.text:ClearReportTimer)
                  000024ee    00000036                     : usbdcdesc.obj (.text:NextConfigDescGet)
                  00002524    00000036                     : usbdhidmouse.obj (.text:USBDHIDMouseStateChange)
                  0000255a    00000036     driverlib-cm4f.lib : usb.obj (.text:USBDevEndpointStall)
                  00002590    00000034     usblib-cm4f.lib : usbdhid.obj (.text:HIDTickHandler)
                  000025c4    00000034                     : usbdhid.obj (.text:HandleEndpoints)
                  000025f8    00000034                     : usbtick.obj (.text:InternalUSBStartOfFrameTick)
                  0000262c    00000034     usb_dev_mouse.obj (.text:MouseHandler)
                  00002660    00000032     usblib-cm4f.lib : usbdenum.obj (.text:USBDeviceEnumResetHandler)
                  00002692    00000030                     : usbdhid.obj (.text:HandleDevice)
                  000026c2    00000002     --HOLE-- [fill = 0]
                  000026c4    00000030                     : usbtick.obj (.text:InternalUSBTickInit)
                  000026f4    00000030     driverlib-cm4f.lib : usb.obj (.text:USBEndpointDataPut)
                  00002724    0000002e                        : gpio.obj (.text:GPIODirModeSet)
                  00002752    0000002e                        : usb.obj (.text:USBEndpointDataSend)
                  00002780    0000002c     usblib-cm4f.lib : usbtick.obj (.text:InternalUSBRegisterTickHandler)
                  000027ac    0000002c     uartstdio.obj (.text:UARTFlushRx)
                  000027d8    0000002c     usblib-cm4f.lib : usbdcdesc.obj (.text:USBDCDConfigDescGetNum)
                  00002804    0000002c                     : usbdesc.obj (.text:USBDescGet)
                  00002830    0000002a                     : usbdhid.obj (.text:HandleConfigChange)
                  0000285a    00000002     --HOLE-- [fill = 0]
                  0000285c    00000028     usb_dev_mouse.obj (.text:SysTickIntHandler)
                  00002884    00000028     usblib-cm4f.lib : usbdesc.obj (.text:USBDescGetNum)
                  000028ac    00000028     driverlib-cm4f.lib : usb.obj (.text:USBIntEnableControl)
                  000028d4    00000028     usb_dev_mouse.obj (.text:WaitForSendIdle)
                  000028fc    00000024     usblib-cm4f.lib : usbdenum.obj (.text:USBDSetAddress)
                  00002920    00000024     driverlib-cm4f.lib : usb.obj (.text:USBDevEndpointDataAck)
                  00002944    00000022     usblib-cm4f.lib : usbdhid.obj (.text:HandleDisconnect)
                  00002966    00000022                     : usbdhid.obj (.text:HandleEP0DataReceived)
                  00002988    00000020                     : usbdhid.obj (.text:GetIdleTimeout)
                  000029a8    00000020                     : usbdhid.obj (.text:HandleEP0DataSent)
                  000029c8    00000020     uartstdio.obj (.text:UARTStdioInit)
                  000029e8    00000020     usblib-cm4f.lib : usbdhidmouse.obj (.text:USBDHIDMouseInit)
                  00002a08    00000020                     : usbmode.obj (.text:USBStackModeSet)
                  00002a28    0000001e     driverlib-cm4f.lib : usb.obj (.text:USBEndpointDataAvail)
                  00002a46    0000001c     usblib-cm4f.lib : usbdhid.obj (.text:ClearIdleTimers)
                  00002a62    0000001c                     : usbdhidmouse.obj (.text:HIDMouseTxHandler)
                  00002a7e    0000001c                     : usbdhid.obj (.text:SetDeferredOpFlag)
                  00002a9a    0000001c                     : usbdcdesc.obj (.text:USBDCDConfigGetInterface)
                  00002ab6    00000002     --HOLE-- [fill = 0]
                  00002ab8    0000001c                     : usbdenum.obj (.text:USBDCDStallEP0)
                  00002ad4    00000018                     : usbdhandler.obj (.text:USB0DeviceIntHandler)
                  00002aec    00000018                     : usbdcdesc.obj (.text:USBDCDConfigDescGetSize)
                  00002b04    00000018                     : usbdhid.obj (.text:USBDHIDInit)
                  00002b1c    00000018                     : usbdenum.obj (.text:USBDSetDescriptor)
                  00002b34    00000018                     : usbdenum.obj (.text:USBDSyncFrame)
                  00002b4c    00000018     rtsv7M4_T_le_v4SPD16_eabi.lib : _lock.obj (.text)
                  00002b64    00000018                                   : args_main.obj (.text)
                  00002b7c    00000016     driverlib-cm4f.lib : usb.obj (.text:USBHostResume)
                  00002b92    00000016                        : usb.obj (.text:USBIndexWrite)
                  00002ba8    00000014     usblib-cm4f.lib : usbdenum.obj (.text:USBDCDRequestDataEP0)
                  00002bbc    00000014     driverlib-cm4f.lib : usb.obj (.text:USBIntEnableEndpoint)
                  00002bd0    00000012                        : gpio.obj (.text:GPIOPinTypeUSBAnalog)
                  00002be2    00000012     usblib-cm4f.lib : usbdhid.obj (.text:HandleResume)
                  00002bf4    00000012                     : usbdhid.obj (.text:HandleSuspend)
                  00002c06    00000012     driverlib-cm4f.lib : usb.obj (.text:USBEndpointStatus)
                  00002c18    00000012     rtsv7M4_T_le_v4SPD16_eabi.lib : copy_zero_init.obj (.text:decompress:ZI)
                  00002c2a    00000002     --HOLE-- [fill = 0]
                  00002c2c    00000010     driverlib-cm4f.lib : sysctl.obj (.text:SysCtlUSBPLLEnable)
                  00002c3c    00000010     usblib-cm4f.lib : usbdenum.obj (.text:USBDCDSendDataEP0)
                  00002c4c    00000010                     : usbdhid.obj (.text:USBDHIDTxPacketAvailable)
                  00002c5c    0000000e     rtsv7M4_T_le_v4SPD16_eabi.lib : copy_decompress_none.obj (.text:decompress:none)
                  00002c6a    0000000c     driverlib-cm4f.lib : usb.obj (.text:USBIntStatusEndpoint)
                  00002c76    0000000a                        : usb.obj (.text:USBDevConnect)
                  00002c80    0000000a                        : usb.obj (.text:USBDevDisconnect)
                  00002c8a    00000008                        : usb.obj (.text:USBDevMode)
                  00002c92    00000008                        : usb.obj (.text:USBOTGMode)
                  00002c9a    00000006     startup_ccs.obj (.text:ResetISR)
                  00002ca0    00000006     driverlib-cm4f.lib : sysctl.obj (.text:SysCtlDelay)
                  00002ca6    00000006     rtsv7M4_T_le_v4SPD16_eabi.lib : copy_decompress_rle.obj (.text:decompress:rle24)
                  00002cac    00000004     usblib-cm4f.lib : usbdhid.obj (.text:HandleReset)
                  00002cb0    00000004     driverlib-cm4f.lib : usb.obj (.text:USBDevAddrSet)

.const     0    00002cb4    000003c5     
                  00002cb4    00000078     driverlib-cm4f.lib : gpio.obj (.const:g_pulGPIOBaseAddrs)
                  00002d2c    00000078     usblib-cm4f.lib : usbdenum.obj (.const:g_sUSBDefaultFIFOConfig)
                  00002da4    00000070     driverlib-cm4f.lib : interrupt.obj (.const)
                  00002e14    0000006c                        : sysctl.obj (.const:g_pulXtals)
                  00002e80    00000068     usb_mouse_structs.obj (.const)
                  00002ee8    00000040     driverlib-cm4f.lib : sysctl.obj (.const)
                  00002f28    00000038     usblib-cm4f.lib : usbdhidmouse.obj (.const:g_pucMouseReportDescriptor)
                  00002f60    00000034                     : usbdenum.obj (.const:g_psUSBDStdRequests)
                  00002f94    00000034                     : usbdhid.obj (.const)
                  00002fc8    00000030     usb_mouse_structs.obj (.const:g_pConfigString)
                  00002ff8    00000028     usb_mouse_structs.obj (.const:g_pHIDInterfaceString)
                  00003020    00000028     uartstdio.obj (.const)
                  00003048    00000024     usb_mouse_structs.obj (.const:g_pManufacturerString)
                  0000306c    0000000d     usblib-cm4f.lib : usbdhidmouse.obj (.const)

.cinit     0    00003080    000000c8     
                  00003080    0000009f     (.cinit..data.load) [load image, compression = rle]
                  0000311f    00000001     --HOLE-- [fill = 0]
                  00003120    0000000c     (__TI_handler_table)
                  0000312c    00000004     --HOLE-- [fill = 0]
                  00003130    00000008     (.cinit..bss.load) [load image, compression = zero_init]
                  00003138    00000010     (__TI_cinit_table)

.bss       0    20000000    000005d4     UNINITIALIZED
                  20000000    00000400     uartstdio.obj (.bss:g_pcUARTTxBuffer)
                  20000400    00000080     uartstdio.obj (.bss:g_pcUARTRxBuffer)
                  20000480    00000070     usb_mouse_structs.obj (.bss:g_sMouseInstance)
                  200004f0    00000054     usblib-cm4f.lib : usbdenum.obj (.bss:g_psUSBDevice)
                  20000544    00000040                     : usbdenum.obj (.bss:g_pucDataBufferIn)
                  20000584    00000030                     : usbtick.obj (.bss)
                  200005b4    0000000c     usb_dev_mouse.obj (.bss)
                  200005c0    0000000c     usblib-cm4f.lib : usbmode.obj (.bss)
                  200005cc    00000008     uartstdio.obj (.bss)

.stack     0    200005d4    00000400     UNINITIALIZED
                  200005d4    00000400     --HOLE--

.data      0    200009d4    000000dd     
                  200009d4    0000004c     usblib-cm4f.lib : usbdhid.obj (.data:g_sHIDDeviceInfo)
                  20000a20    00000048                     : usbdhid.obj (.data)
                  20000a68    00000015     uartstdio.obj (.data)
                  20000a7d    00000003     --HOLE--
                  20000a80    0000000c     usblib-cm4f.lib : usbtick.obj (.data)
                  20000a8c    00000009                     : usbmode.obj (.data)
                  20000a95    00000003     --HOLE--
                  20000a98    00000008     rtsv7M4_T_le_v4SPD16_eabi.lib : _lock.obj (.data)
                  20000aa0    00000008                                   : exit.obj (.data)
                  20000aa8    00000004                                   : stkdepth_vars.obj (.data)
                  20000aac    00000004     usblib-cm4f.lib : usbdenum.obj (.data)
                  20000ab0    00000001     usb_dev_mouse.obj (.data)


LINKER GENERATED COPY TABLES

__TI_cinit_table @ 00003138 records: 2, size/record: 8, table size: 16
	.data: load addr=00003080, load size=0000009f bytes, run addr=200009d4, run size=000000dd bytes, compression=rle
	.bss: load addr=00003130, load size=00000008 bytes, run addr=20000000, run size=000005d4 bytes, compression=zero_init


LINKER GENERATED HANDLER TABLE

__TI_handler_table @ 00003120 records: 3, size/record: 4, table size: 12
	index: 0, handler: __TI_decompress_rle24
	index: 1, handler: __TI_decompress_none
	index: 2, handler: __TI_zero_init


GLOBAL SYMBOLS: SORTED ALPHABETICALLY BY Name 

address    name
--------   ----
000022d5   C$$EXIT
00002725   GPIODirModeSet
000010a1   GPIOPadConfigSet
000020a1   GPIOPinConfigure
00002bd1   GPIOPinTypeUSBAnalog
00001bd9   IntEnable
00002781   InternalUSBRegisterTickHandler
000025f9   InternalUSBStartOfFrameTick
000026c5   InternalUSBTickInit
0000262d   MouseHandler
00001aa1   MoveHandler
00002c9b   ResetISR
UNDEFED    SHT$$INIT_ARRAY$$Base
UNDEFED    SHT$$INIT_ARRAY$$Limit
000004ad   SysCtlClockGet
00002ca1   SysCtlDelay
00001dbd   SysCtlPeripheralEnable
0000149d   SysCtlPeripheralReset
00002c2d   SysCtlUSBPLLEnable
0000285d   SysTickIntHandler
000027ad   UARTFlushRx
00002411   UARTFlushTx
00001225   UARTStdioConfig
000029c9   UARTStdioInit
0000096d   UARTStdioIntHandler
0000026d   UARTprintf
00001531   UARTwrite
00002ad5   USB0DeviceIntHandler
00001f19   USBDCDConfigDescGet
000027d9   USBDCDConfigDescGetNum
00002aed   USBDCDConfigDescGetSize
00002a9b   USBDCDConfigGetInterface
000023d7   USBDCDConfigGetInterfaceEndpoint
00000d39   USBDCDInit
00002ba9   USBDCDRequestDataEP0
00002c3d   USBDCDSendDataEP0
00002ab9   USBDCDStallEP0
00000fd1   USBDHIDCompositeInit
00002b05   USBDHIDInit
000018dd   USBDHIDMouseCompositeInit
000029e9   USBDHIDMouseInit
00002525   USBDHIDMouseStateChange
000020e9   USBDHIDReportWrite
00002c4d   USBDHIDTxPacketAvailable
00002805   USBDescGet
00002885   USBDescGetNum
00002cb1   USBDevAddrSet
00002c77   USBDevConnect
00002c81   USBDevDisconnect
00001955   USBDevEndpointConfigSet
00002921   USBDevEndpointDataAck
0000255b   USBDevEndpointStall
00001f69   USBDevEndpointStallClear
00001cff   USBDevEndpointStatusClear
00002c8b   USBDevMode
00000685   USBDeviceConfig
00001169   USBDeviceConfigAlternate
00000e2d   USBDeviceEnumHandler
00002661   USBDeviceEnumResetHandler
000012c9   USBDeviceIntHandlerInternal
00002131   USBDeviceResumeTickHandler
00002a29   USBEndpointDataAvail
00002291   USBEndpointDataGet
000026f5   USBEndpointDataPut
00002753   USBEndpointDataSend
00002c07   USBEndpointStatus
000021c1   USBFIFOConfigSet
00002b7d   USBHostResume
000028ad   USBIntEnableControl
00002bbd   USBIntEnableEndpoint
00002481   USBIntStatusControl
00002c6b   USBIntStatusEndpoint
00002c93   USBOTGMode
00002a09   USBStackModeSet
000028d5   WaitForSendIdle
200009d4   __STACK_END
00000400   __STACK_SIZE
200009d4   __STACK_TOP
00003138   __TI_CINIT_Base
00003148   __TI_CINIT_Limit
00003120   __TI_Handler_Table_Base
0000312c   __TI_Handler_Table_Limit
00000001   __TI_args_main
000015c5   __TI_auto_init
00002c5d   __TI_decompress_none
00002ca7   __TI_decompress_rle24
00000000   __TI_static_base__
00002c19   __TI_zero_init
0000136d   __aeabi_memcpy
0000136d   __aeabi_memcpy4
0000136d   __aeabi_memcpy8
00002319   __aeabi_uidivmod
ffffffff   __binit__
ffffffff   __c_args__
200005d4   __stack
00002b65   _args_main
00002179   _c_int00
20000aa0   _cleanup_ptr
20000aa4   _dtors_ptr
20000a98   _lock
00002b59   _nop
00002b53   _register_lock
00002b4d   _register_unlock
20000a9c   _unlock
000022d9   abort
ffffffff   binit
00002009   copy_in
000022e1   exit
200005b8   g_bConnected
20000a80   g_bUSBTimerInitialized
20000ab0   g_eMouseState
200005c4   g_eOTGModeState
20000a8c   g_eUSBMode
00002fc8   g_pConfigString
00002fc4   g_pHIDConfigDescriptors
20000a32   g_pHIDDescriptor
20000a20   g_pHIDDeviceDescriptor
00002f94   g_pHIDInEndpoint
20000a3b   g_pHIDInterface
00002ff8   g_pHIDInterfaceString
00002f9b   g_pHIDOutEndpoint
00002e80   g_pLangDescriptor
00003048   g_pManufacturerString
00002e84   g_pProductString
00002ea0   g_pSerialNumberString
00002eb4   g_pStringDescriptors
20000584   g_pfTickHandlers
00000000   g_pfnVectors
20000a4c   g_psHIDSections
200004f0   g_psUSBDevice
2000059c   g_pvTickInstance
20000a60   g_sHIDConfigHeader
00002fa4   g_sHIDConfigSection
20000a44   g_sHIDDescriptorSection
200009d4   g_sHIDDeviceInfo
00002fb4   g_sHIDInEndpointSection
00002fac   g_sHIDInterfaceSection
00002fbc   g_sHIDOutEndpointSection
00002ecc   g_sMouseDevice
20000480   g_sMouseInstance
00002d2c   g_sUSBDefaultFIFOConfig
200005b4   g_ulCommands
20000a84   g_ulCurrentUSBTick
200005c0   g_ulPollRate
200005bc   g_ulSysTickCount
20000a88   g_ulUSBSOFCount
20000a90   g_ulWaitTicks
00000ac9   main
20000aa8   main_func_sp
0000136d   memcpy


GLOBAL SYMBOLS: SORTED BY Symbol Address 

address    name
--------   ----
00000000   __TI_static_base__
00000000   g_pfnVectors
00000001   __TI_args_main
0000026d   UARTprintf
00000400   __STACK_SIZE
000004ad   SysCtlClockGet
00000685   USBDeviceConfig
0000096d   UARTStdioIntHandler
00000ac9   main
00000d39   USBDCDInit
00000e2d   USBDeviceEnumHandler
00000fd1   USBDHIDCompositeInit
000010a1   GPIOPadConfigSet
00001169   USBDeviceConfigAlternate
00001225   UARTStdioConfig
000012c9   USBDeviceIntHandlerInternal
0000136d   __aeabi_memcpy
0000136d   __aeabi_memcpy4
0000136d   __aeabi_memcpy8
0000136d   memcpy
0000149d   SysCtlPeripheralReset
00001531   UARTwrite
000015c5   __TI_auto_init
000018dd   USBDHIDMouseCompositeInit
00001955   USBDevEndpointConfigSet
00001aa1   MoveHandler
00001bd9   IntEnable
00001cff   USBDevEndpointStatusClear
00001dbd   SysCtlPeripheralEnable
00001f19   USBDCDConfigDescGet
00001f69   USBDevEndpointStallClear
00002009   copy_in
000020a1   GPIOPinConfigure
000020e9   USBDHIDReportWrite
00002131   USBDeviceResumeTickHandler
00002179   _c_int00
000021c1   USBFIFOConfigSet
00002291   USBEndpointDataGet
000022d5   C$$EXIT
000022d9   abort
000022e1   exit
00002319   __aeabi_uidivmod
000023d7   USBDCDConfigGetInterfaceEndpoint
00002411   UARTFlushTx
00002481   USBIntStatusControl
00002525   USBDHIDMouseStateChange
0000255b   USBDevEndpointStall
000025f9   InternalUSBStartOfFrameTick
0000262d   MouseHandler
00002661   USBDeviceEnumResetHandler
000026c5   InternalUSBTickInit
000026f5   USBEndpointDataPut
00002725   GPIODirModeSet
00002753   USBEndpointDataSend
00002781   InternalUSBRegisterTickHandler
000027ad   UARTFlushRx
000027d9   USBDCDConfigDescGetNum
00002805   USBDescGet
0000285d   SysTickIntHandler
00002885   USBDescGetNum
000028ad   USBIntEnableControl
000028d5   WaitForSendIdle
00002921   USBDevEndpointDataAck
000029c9   UARTStdioInit
000029e9   USBDHIDMouseInit
00002a09   USBStackModeSet
00002a29   USBEndpointDataAvail
00002a9b   USBDCDConfigGetInterface
00002ab9   USBDCDStallEP0
00002ad5   USB0DeviceIntHandler
00002aed   USBDCDConfigDescGetSize
00002b05   USBDHIDInit
00002b4d   _register_unlock
00002b53   _register_lock
00002b59   _nop
00002b65   _args_main
00002b7d   USBHostResume
00002ba9   USBDCDRequestDataEP0
00002bbd   USBIntEnableEndpoint
00002bd1   GPIOPinTypeUSBAnalog
00002c07   USBEndpointStatus
00002c19   __TI_zero_init
00002c2d   SysCtlUSBPLLEnable
00002c3d   USBDCDSendDataEP0
00002c4d   USBDHIDTxPacketAvailable
00002c5d   __TI_decompress_none
00002c6b   USBIntStatusEndpoint
00002c77   USBDevConnect
00002c81   USBDevDisconnect
00002c8b   USBDevMode
00002c93   USBOTGMode
00002c9b   ResetISR
00002ca1   SysCtlDelay
00002ca7   __TI_decompress_rle24
00002cb1   USBDevAddrSet
00002d2c   g_sUSBDefaultFIFOConfig
00002e80   g_pLangDescriptor
00002e84   g_pProductString
00002ea0   g_pSerialNumberString
00002eb4   g_pStringDescriptors
00002ecc   g_sMouseDevice
00002f94   g_pHIDInEndpoint
00002f9b   g_pHIDOutEndpoint
00002fa4   g_sHIDConfigSection
00002fac   g_sHIDInterfaceSection
00002fb4   g_sHIDInEndpointSection
00002fbc   g_sHIDOutEndpointSection
00002fc4   g_pHIDConfigDescriptors
00002fc8   g_pConfigString
00002ff8   g_pHIDInterfaceString
00003048   g_pManufacturerString
00003120   __TI_Handler_Table_Base
0000312c   __TI_Handler_Table_Limit
00003138   __TI_CINIT_Base
00003148   __TI_CINIT_Limit
20000480   g_sMouseInstance
200004f0   g_psUSBDevice
20000584   g_pfTickHandlers
2000059c   g_pvTickInstance
200005b4   g_ulCommands
200005b8   g_bConnected
200005bc   g_ulSysTickCount
200005c0   g_ulPollRate
200005c4   g_eOTGModeState
200005d4   __stack
200009d4   __STACK_END
200009d4   __STACK_TOP
200009d4   g_sHIDDeviceInfo
20000a20   g_pHIDDeviceDescriptor
20000a32   g_pHIDDescriptor
20000a3b   g_pHIDInterface
20000a44   g_sHIDDescriptorSection
20000a4c   g_psHIDSections
20000a60   g_sHIDConfigHeader
20000a80   g_bUSBTimerInitialized
20000a84   g_ulCurrentUSBTick
20000a88   g_ulUSBSOFCount
20000a8c   g_eUSBMode
20000a90   g_ulWaitTicks
20000a98   _lock
20000a9c   _unlock
20000aa0   _cleanup_ptr
20000aa4   _dtors_ptr
20000aa8   main_func_sp
20000ab0   g_eMouseState
ffffffff   __binit__
ffffffff   __c_args__
ffffffff   binit
UNDEFED    SHT$$INIT_ARRAY$$Base
UNDEFED    SHT$$INIT_ARRAY$$Limit

[150 symbols]
