******************************************************************************
                  TMS470 Linker PC v4.9.5                      
******************************************************************************
>> Linked Fri Jan 11 21:50:56 2013

OUTPUT FILE NAME:   <usb_dev_volume.out>
ENTRY POINT SYMBOL: "_c_int00"  address: 00001c01


MEMORY CONFIGURATION

         name            origin    length      used     unused   attr    fill
----------------------  --------  ---------  --------  --------  ----  --------
  FLASH                 00000000   00040000  00002a29  0003d5d7  R  X
  SRAM                  20000000   00008000  00000615  000079eb  RW X


SEGMENT ALLOCATION MAP

run origin  load origin   length   init length attrs members
----------  ----------- ---------- ----------- ----- -------
00000000    00000000    00002a30   00002a30    r-x
  00000000    00000000    0000026c   0000026c    r-- .intvecs
  0000026c    0000026c    000023d8   000023d8    r-x .text
  00002644    00002644    0000031d   0000031d    r-- .const
  00002968    00002968    000000c8   000000c8    r-- .cinit
20000000    20000000    00000550   00000000    rw-
  20000000    20000000    00000400   00000000    rw- .stack
  20000400    20000400    00000150   00000000    rw- .bss
20000550    20000550    000000c5   000000c5    rw-
  20000550    20000550    000000c5   000000c5    rw- .data


SECTION ALLOCATION MAP

 output                                  attributes/
section   page    origin      length       input sections
--------  ----  ----------  ----------   ----------------
.intvecs   0    00000000    0000026c     
                  00000000    0000026c     startup_ccs.obj (.intvecs)

.init_array 
*          0    00000000    00000000     UNINITIALIZED

.text      0    0000026c    000023d8     
                  0000026c    000001d8     driverlib-cm4f.lib : sysctl.obj (.text:SysCtlClockGet)
                  00000444    00000188     usblib-cm4f.lib : usbdconfig.obj (.text:USBDeviceConfig)
                  000005cc    00000160                     : usbdenum.obj (.text:USBDEP0StateTxConfig)
                  0000072c    00000122                     : usbdhid.obj (.text:HandleRequest)
                  0000084e    00000002     startup_ccs.obj (.text:FaultISR)
                  00000850    00000120     usb_dev_volume.obj (.text:main)
                  00000970    000000f4     usblib-cm4f.lib : usbdenum.obj (.text:USBDCDInit)
                  00000a64    000000d4                     : usbdenum.obj (.text:USBDeviceEnumHandler)
                  00000b38    000000d0                     : usbdenum.obj (.text:USBDGetDescriptor)
                  00000c08    000000d0                     : usbdhid.obj (.text:USBDHIDCompositeInit)
                  00000cd8    000000c8     driverlib-cm4f.lib : gpio.obj (.text:GPIOPadConfigSet)
                  00000da0    000000bc     usblib-cm4f.lib : usbdconfig.obj (.text:USBDeviceConfigAlternate)
                  00000e5c    000000a4                     : usbdenum.obj (.text:USBDeviceIntHandlerInternal)
                  00000f00    0000009c     rtsv7M4_T_le_v4SPD16_eabi.lib : memcpy_t2.obj (.text)
                  00000f9c    00000094     usblib-cm4f.lib : usbdhid.obj (.text:ProcessIdleTimers)
                  00001030    00000094     driverlib-cm4f.lib : sysctl.obj (.text:SysCtlPeripheralReset)
                  000010c4    00000094     rtsv7M4_T_le_v4SPD16_eabi.lib : auto_init.obj (.text)
                  00001158    00000084     usblib-cm4f.lib : usbdenum.obj (.text:USBDClearFeature)
                  000011dc    00000084                     : usbdenum.obj (.text:USBDSetConfiguration)
                  00001260    00000084                     : usbdenum.obj (.text:USBDSetInterface)
                  000012e4    00000078                     : usbdenum.obj (.text:USBDGetStatus)
                  0000135c    00000076     driverlib-cm4f.lib : usb.obj (.text:USBDevEndpointConfigSet)
                  000013d2    00000002     startup_ccs.obj (.text:IntDefaultHandler)
                  000013d4    00000074     usblib-cm4f.lib : usbdhidcustom.obj (.text:USBDHIDCustomHidCompositeInit)
                  00001448    0000006c                     : usbdenum.obj (.text:USBDSetFeature)
                  000014b4    00000068                     : usbdhidcustom.obj (.text:HIDCustomHidRxHandler)
                  0000151c    00000068                     : usbdenum.obj (.text:USBDEP0StateTx)
                  00001584    00000066                     : usbdhid.obj (.text:HandleGetDescriptor)
                  000015ea    00000002     startup_ccs.obj (.text:NmiSR)
                  000015ec    00000064     usb_dev_volume.obj (.text:CustomHidChangeHandler)
                  00001650    00000064     driverlib-cm4f.lib : interrupt.obj (.text:IntEnable)
                  000016b4    00000064     usblib-cm4f.lib : usbdhid.obj (.text:ProcessDataFromHost)
                  00001718    0000005e                     : usbdhid.obj (.text:FindHIDDescriptor)
                  00001776    0000005e     driverlib-cm4f.lib : usb.obj (.text:USBDevEndpointStatusClear)
                  000017d4    0000005e     rtsv7M4_T_le_v4SPD16_eabi.lib : copy_decompress_rle.obj (.text)
                  00001832    00000002     --HOLE-- [fill = 0]
                  00001834    00000058     driverlib-cm4f.lib : sysctl.obj (.text:SysCtlPeripheralEnable)
                  0000188c    00000058     usblib-cm4f.lib : usbdhidcustom.obj (.text:USBDHIDCustomHidStateChange)
                  000018e4    00000058                     : usbdenum.obj (.text:USBDReadAndDispatchRequest)
                  0000193c    00000058                     : usbdenum.obj (.text:USBDStringIndexFromRequest)
                  00001994    00000054                     : usbdconfig.obj (.text:GetEPDescriptorType)
                  000019e8    00000050                     : usbdcdesc.obj (.text:USBDCDConfigDescGet)
                  00001a38    00000050     driverlib-cm4f.lib : usb.obj (.text:USBDevEndpointStallClear)
                  00001a88    0000004e     usblib-cm4f.lib : usbdcdesc.obj (.text:ConfigAlternateInterfaceGet)
                  00001ad6    00000002     --HOLE-- [fill = 0]
                  00001ad8    0000004c     rtsv7M4_T_le_v4SPD16_eabi.lib : cpy_tbl.obj (.text)
                  00001b24    0000004a     usblib-cm4f.lib : usbdhid.obj (.text:ProcessDataToHost)
                  00001b6e    00000048                     : usbdhid.obj (.text:USBDHIDReportWrite)
                  00001bb6    00000002     --HOLE-- [fill = 0]
                  00001bb8    00000048                     : usbdenum.obj (.text:USBDeviceResumeTickHandler)
                  00001c00    00000048     rtsv7M4_T_le_v4SPD16_eabi.lib : boot.obj (.text)
                  00001c48    00000046     driverlib-cm4f.lib : usb.obj (.text:USBFIFOConfigSet)
                  00001c8e    00000044     usblib-cm4f.lib : usbdhid.obj (.text:SetIdleTimeout)
                  00001cd2    00000002     --HOLE-- [fill = 0]
                  00001cd4    00000044                     : usbdenum.obj (.text:USBDGetInterface)
                  00001d18    00000044     driverlib-cm4f.lib : usb.obj (.text:USBEndpointDataGet)
                  00001d5c    00000044     rtsv7M4_T_le_v4SPD16_eabi.lib : exit.obj (.text)
                  00001da0    0000003e     usblib-cm4f.lib : usbdconfig.obj (.text:GetEndpointFIFOSize)
                  00001dde    0000003e                     : usbdhid.obj (.text:ScheduleReportTransmission)
                  00001e1c    0000003a                     : usbdcdesc.obj (.text:USBDCDConfigGetInterfaceEndpoint)
                  00001e56    00000002     --HOLE-- [fill = 0]
                  00001e58    00000038                     : usbdenum.obj (.text:USBDGetConfiguration)
                  00001e90    00000038     driverlib-cm4f.lib : usb.obj (.text:USBIntStatusControl)
                  00001ec8    00000036     usblib-cm4f.lib : usbdhid.obj (.text:ClearReportTimer)
                  00001efe    00000036                     : usbdcdesc.obj (.text:NextConfigDescGet)
                  00001f34    00000036     driverlib-cm4f.lib : usb.obj (.text:USBDevEndpointStall)
                  00001f6a    00000002     --HOLE-- [fill = 0]
                  00001f6c    00000034     usb_dev_volume.obj (.text:CustomHidHandler)
                  00001fa0    00000034     usblib-cm4f.lib : usbdhid.obj (.text:HIDTickHandler)
                  00001fd4    00000034                     : usbdhid.obj (.text:HandleEndpoints)
                  00002008    00000034                     : usbtick.obj (.text:InternalUSBStartOfFrameTick)
                  0000203c    00000032                     : usbdenum.obj (.text:USBDeviceEnumResetHandler)
                  0000206e    00000030                     : usbdhid.obj (.text:HandleDevice)
                  0000209e    00000002     --HOLE-- [fill = 0]
                  000020a0    00000030                     : usbtick.obj (.text:InternalUSBTickInit)
                  000020d0    00000030     driverlib-cm4f.lib : usb.obj (.text:USBEndpointDataPut)
                  00002100    0000002e                        : gpio.obj (.text:GPIODirModeSet)
                  0000212e    0000002e                        : usb.obj (.text:USBEndpointDataSend)
                  0000215c    0000002c     usblib-cm4f.lib : usbtick.obj (.text:InternalUSBRegisterTickHandler)
                  00002188    0000002c                     : usbdcdesc.obj (.text:USBDCDConfigDescGetNum)
                  000021b4    0000002c                     : usbdesc.obj (.text:USBDescGet)
                  000021e0    0000002a                     : usbdhid.obj (.text:HandleConfigChange)
                  0000220a    00000002     --HOLE-- [fill = 0]
                  0000220c    00000028     usb_dev_volume.obj (.text:SysTickIntHandler)
                  00002234    00000028     usblib-cm4f.lib : usbdesc.obj (.text:USBDescGetNum)
                  0000225c    00000028     driverlib-cm4f.lib : usb.obj (.text:USBIntEnableControl)
                  00002284    00000028     usb_dev_volume.obj (.text:WaitForSendIdle)
                  000022ac    00000024     usblib-cm4f.lib : usbdenum.obj (.text:USBDSetAddress)
                  000022d0    00000024     driverlib-cm4f.lib : usb.obj (.text:USBDevEndpointDataAck)
                  000022f4    00000022     usblib-cm4f.lib : usbdhid.obj (.text:HandleDisconnect)
                  00002316    00000022                     : usbdhid.obj (.text:HandleEP0DataReceived)
                  00002338    00000020                     : usbdhid.obj (.text:GetIdleTimeout)
                  00002358    00000020                     : usbdhid.obj (.text:HandleEP0DataSent)
                  00002378    00000020                     : usbdhidcustom.obj (.text:USBDHIDCustomHidInit)
                  00002398    00000020                     : usbmode.obj (.text:USBStackModeSet)
                  000023b8    0000001e     driverlib-cm4f.lib : usb.obj (.text:USBEndpointDataAvail)
                  000023d6    0000001c     usblib-cm4f.lib : usbdhid.obj (.text:ClearIdleTimers)
                  000023f2    0000001c                     : usbdhidcustom.obj (.text:HIDCustomHidTxHandler)
                  0000240e    0000001c                     : usbdhid.obj (.text:SetDeferredOpFlag)
                  0000242a    0000001c                     : usbdcdesc.obj (.text:USBDCDConfigGetInterface)
                  00002446    00000002     --HOLE-- [fill = 0]
                  00002448    0000001c                     : usbdenum.obj (.text:USBDCDStallEP0)
                  00002464    00000018                     : usbdhandler.obj (.text:USB0DeviceIntHandler)
                  0000247c    00000018                     : usbdcdesc.obj (.text:USBDCDConfigDescGetSize)
                  00002494    00000018                     : usbdhid.obj (.text:USBDHIDInit)
                  000024ac    00000018                     : usbdenum.obj (.text:USBDSetDescriptor)
                  000024c4    00000018                     : usbdenum.obj (.text:USBDSyncFrame)
                  000024dc    00000018     rtsv7M4_T_le_v4SPD16_eabi.lib : _lock.obj (.text)
                  000024f4    00000018                                   : args_main.obj (.text)
                  0000250c    00000016     driverlib-cm4f.lib : usb.obj (.text:USBHostResume)
                  00002522    00000016                        : usb.obj (.text:USBIndexWrite)
                  00002538    00000014     usblib-cm4f.lib : usbdenum.obj (.text:USBDCDRequestDataEP0)
                  0000254c    00000014     driverlib-cm4f.lib : usb.obj (.text:USBIntEnableEndpoint)
                  00002560    00000012                        : gpio.obj (.text:GPIOPinTypeUSBAnalog)
                  00002572    00000012     usblib-cm4f.lib : usbdhid.obj (.text:HandleResume)
                  00002584    00000012                     : usbdhid.obj (.text:HandleSuspend)
                  00002596    00000012     driverlib-cm4f.lib : usb.obj (.text:USBEndpointStatus)
                  000025a8    00000012     rtsv7M4_T_le_v4SPD16_eabi.lib : copy_zero_init.obj (.text:decompress:ZI)
                  000025ba    00000002     --HOLE-- [fill = 0]
                  000025bc    00000010     driverlib-cm4f.lib : sysctl.obj (.text:SysCtlUSBPLLEnable)
                  000025cc    00000010     usblib-cm4f.lib : usbdenum.obj (.text:USBDCDSendDataEP0)
                  000025dc    00000010                     : usbdhid.obj (.text:USBDHIDTxPacketAvailable)
                  000025ec    0000000e     rtsv7M4_T_le_v4SPD16_eabi.lib : copy_decompress_none.obj (.text:decompress:none)
                  000025fa    0000000c     driverlib-cm4f.lib : usb.obj (.text:USBIntStatusEndpoint)
                  00002606    0000000a                        : usb.obj (.text:USBDevConnect)
                  00002610    0000000a                        : usb.obj (.text:USBDevDisconnect)
                  0000261a    00000008                        : usb.obj (.text:USBDevMode)
                  00002622    00000008                        : usb.obj (.text:USBOTGMode)
                  0000262a    00000006     startup_ccs.obj (.text:ResetISR)
                  00002630    00000006     driverlib-cm4f.lib : sysctl.obj (.text:SysCtlDelay)
                  00002636    00000006     rtsv7M4_T_le_v4SPD16_eabi.lib : copy_decompress_rle.obj (.text:decompress:rle24)
                  0000263c    00000004     usblib-cm4f.lib : usbdhid.obj (.text:HandleReset)
                  00002640    00000004     driverlib-cm4f.lib : usb.obj (.text:USBDevAddrSet)

.const     0    00002644    0000031d     
                  00002644    00000078     usblib-cm4f.lib : usbdenum.obj (.const:g_sUSBDefaultFIFOConfig)
                  000026bc    00000070     driverlib-cm4f.lib : interrupt.obj (.const)
                  0000272c    0000006c                        : sysctl.obj (.const:g_pulXtals)
                  00002798    0000005c     usb_dev_volume_structs.obj (.const)
                  000027f4    00000040     driverlib-cm4f.lib : sysctl.obj (.const)
                  00002834    0000003e     usblib-cm4f.lib : usbdhidcustom.obj (.const:g_pucCustomHidReportDescriptor)
                  00002872    00000002     --HOLE-- [fill = 0]
                  00002874    00000034                     : usbdenum.obj (.const:g_psUSBDStdRequests)
                  000028a8    00000034                     : usbdhid.obj (.const)
                  000028dc    0000002e     usb_dev_volume_structs.obj (.const:g_pConfigString)
                  0000290a    00000002     --HOLE-- [fill = 0]
                  0000290c    00000024     usb_dev_volume_structs.obj (.const:g_pManufacturerString)
                  00002930    00000024     usb_dev_volume_structs.obj (.const:g_pProductString)
                  00002954    0000000d     usblib-cm4f.lib : usbdhidcustom.obj (.const)

.cinit     0    00002968    000000c8     
                  00002968    0000009d     (.cinit..data.load) [load image, compression = rle]
                  00002a05    00000003     --HOLE-- [fill = 0]
                  00002a08    0000000c     (__TI_handler_table)
                  00002a14    00000004     --HOLE-- [fill = 0]
                  00002a18    00000008     (.cinit..bss.load) [load image, compression = zero_init]
                  00002a20    00000010     (__TI_cinit_table)

.stack     0    20000000    00000400     UNINITIALIZED
                  20000000    00000400     --HOLE--

.bss       0    20000400    00000150     UNINITIALIZED
                  20000400    00000074     usb_dev_volume_structs.obj (.bss:g_sCustomHidInstance)
                  20000474    00000054     usblib-cm4f.lib : usbdenum.obj (.bss:g_psUSBDevice)
                  200004c8    00000040                     : usbdenum.obj (.bss:g_pucDataBufferIn)
                  20000508    00000030                     : usbtick.obj (.bss)
                  20000538    0000000c     usb_dev_volume.obj (.bss)
                  20000544    0000000c     usblib-cm4f.lib : usbmode.obj (.bss)

.data      0    20000550    000000c5     
                  20000550    0000004c     usblib-cm4f.lib : usbdhid.obj (.data:g_sHIDDeviceInfo)
                  2000059c    00000048                     : usbdhid.obj (.data)
                  200005e4    0000000c                     : usbtick.obj (.data)
                  200005f0    00000009                     : usbmode.obj (.data)
                  200005f9    00000003     --HOLE--
                  200005fc    00000008     rtsv7M4_T_le_v4SPD16_eabi.lib : _lock.obj (.data)
                  20000604    00000008                                   : exit.obj (.data)
                  2000060c    00000004                                   : stkdepth_vars.obj (.data)
                  20000610    00000004     usblib-cm4f.lib : usbdenum.obj (.data)
                  20000614    00000001     usb_dev_volume.obj (.data)


LINKER GENERATED COPY TABLES

__TI_cinit_table @ 00002a20 records: 2, size/record: 8, table size: 16
	.data: load addr=00002968, load size=0000009d bytes, run addr=20000550, run size=000000c5 bytes, compression=rle
	.bss: load addr=00002a18, load size=00000008 bytes, run addr=20000400, run size=00000150 bytes, compression=zero_init


LINKER GENERATED HANDLER TABLE

__TI_handler_table @ 00002a08 records: 3, size/record: 4, table size: 12
	index: 0, handler: __TI_decompress_rle24
	index: 1, handler: __TI_decompress_none
	index: 2, handler: __TI_zero_init


GLOBAL SYMBOLS: SORTED ALPHABETICALLY BY Name 

address    name
--------   ----
00001d5d   C$$EXIT
000015ed   CustomHidChangeHandler
00001f6d   CustomHidHandler
00002101   GPIODirModeSet
00000cd9   GPIOPadConfigSet
00002561   GPIOPinTypeUSBAnalog
00001651   IntEnable
0000215d   InternalUSBRegisterTickHandler
00002009   InternalUSBStartOfFrameTick
000020a1   InternalUSBTickInit
0000262b   ResetISR
UNDEFED    SHT$$INIT_ARRAY$$Base
UNDEFED    SHT$$INIT_ARRAY$$Limit
0000026d   SysCtlClockGet
00002631   SysCtlDelay
00001835   SysCtlPeripheralEnable
00001031   SysCtlPeripheralReset
000025bd   SysCtlUSBPLLEnable
0000220d   SysTickIntHandler
00002465   USB0DeviceIntHandler
000019e9   USBDCDConfigDescGet
00002189   USBDCDConfigDescGetNum
0000247d   USBDCDConfigDescGetSize
0000242b   USBDCDConfigGetInterface
00001e1d   USBDCDConfigGetInterfaceEndpoint
00000971   USBDCDInit
00002539   USBDCDRequestDataEP0
000025cd   USBDCDSendDataEP0
00002449   USBDCDStallEP0
00000c09   USBDHIDCompositeInit
000013d5   USBDHIDCustomHidCompositeInit
00002379   USBDHIDCustomHidInit
0000188d   USBDHIDCustomHidStateChange
00002495   USBDHIDInit
00001b6f   USBDHIDReportWrite
000025dd   USBDHIDTxPacketAvailable
000021b5   USBDescGet
00002235   USBDescGetNum
00002641   USBDevAddrSet
00002607   USBDevConnect
00002611   USBDevDisconnect
0000135d   USBDevEndpointConfigSet
000022d1   USBDevEndpointDataAck
00001f35   USBDevEndpointStall
00001a39   USBDevEndpointStallClear
00001777   USBDevEndpointStatusClear
0000261b   USBDevMode
00000445   USBDeviceConfig
00000da1   USBDeviceConfigAlternate
00000a65   USBDeviceEnumHandler
0000203d   USBDeviceEnumResetHandler
00000e5d   USBDeviceIntHandlerInternal
00001bb9   USBDeviceResumeTickHandler
000023b9   USBEndpointDataAvail
00001d19   USBEndpointDataGet
000020d1   USBEndpointDataPut
0000212f   USBEndpointDataSend
00002597   USBEndpointStatus
00001c49   USBFIFOConfigSet
0000250d   USBHostResume
0000225d   USBIntEnableControl
0000254d   USBIntEnableEndpoint
00001e91   USBIntStatusControl
000025fb   USBIntStatusEndpoint
00002623   USBOTGMode
00002399   USBStackModeSet
00002285   WaitForSendIdle
20000400   __STACK_END
00000400   __STACK_SIZE
20000400   __STACK_TOP
00002a20   __TI_CINIT_Base
00002a30   __TI_CINIT_Limit
00002a08   __TI_Handler_Table_Base
00002a14   __TI_Handler_Table_Limit
00000001   __TI_args_main
000010c5   __TI_auto_init
000025ed   __TI_decompress_none
00002637   __TI_decompress_rle24
00000000   __TI_static_base__
000025a9   __TI_zero_init
00000f01   __aeabi_memcpy
00000f01   __aeabi_memcpy4
00000f01   __aeabi_memcpy8
ffffffff   __binit__
ffffffff   __c_args__
20000000   __stack
000024f5   _args_main
00001c01   _c_int00
20000604   _cleanup_ptr
20000608   _dtors_ptr
200005fc   _lock
000024e9   _nop
000024e3   _register_lock
000024dd   _register_unlock
20000600   _unlock
00001d61   abort
ffffffff   binit
00001ad9   copy_in
00001d69   exit
2000053c   g_bConnected
200005e4   g_bUSBTimerInitialized
20000614   g_eCustomHidState
20000548   g_eOTGModeState
200005f0   g_eUSBMode
000028dc   g_pConfigString
000028d8   g_pHIDConfigDescriptors
200005ae   g_pHIDDescriptor
2000059c   g_pHIDDeviceDescriptor
000028a8   g_pHIDInEndpoint
200005b7   g_pHIDInterface
000027ae   g_pHIDInterfaceString
000028af   g_pHIDOutEndpoint
00002798   g_pLangDescriptor
0000290c   g_pManufacturerString
00002930   g_pProductString
0000279c   g_pSerialNumberString
000027c0   g_pStringDescriptors
20000508   g_pfTickHandlers
00000000   g_pfnVectors
200005c8   g_psHIDSections
20000474   g_psUSBDevice
20000520   g_pvTickInstance
000027d8   g_sCustomHidDevice
20000400   g_sCustomHidInstance
200005dc   g_sHIDConfigHeader
000028b8   g_sHIDConfigSection
200005c0   g_sHIDDescriptorSection
20000550   g_sHIDDeviceInfo
000028c8   g_sHIDInEndpointSection
000028c0   g_sHIDInterfaceSection
000028d0   g_sHIDOutEndpointSection
00002644   g_sUSBDefaultFIFOConfig
20000538   g_ulCommands
200005e8   g_ulCurrentUSBTick
20000544   g_ulPollRate
20000540   g_ulSysTickCount
200005ec   g_ulUSBSOFCount
200005f4   g_ulWaitTicks
00000851   main
2000060c   main_func_sp
00000f01   memcpy


GLOBAL SYMBOLS: SORTED BY Symbol Address 

address    name
--------   ----
00000000   __TI_static_base__
00000000   g_pfnVectors
00000001   __TI_args_main
0000026d   SysCtlClockGet
00000400   __STACK_SIZE
00000445   USBDeviceConfig
00000851   main
00000971   USBDCDInit
00000a65   USBDeviceEnumHandler
00000c09   USBDHIDCompositeInit
00000cd9   GPIOPadConfigSet
00000da1   USBDeviceConfigAlternate
00000e5d   USBDeviceIntHandlerInternal
00000f01   __aeabi_memcpy
00000f01   __aeabi_memcpy4
00000f01   __aeabi_memcpy8
00000f01   memcpy
00001031   SysCtlPeripheralReset
000010c5   __TI_auto_init
0000135d   USBDevEndpointConfigSet
000013d5   USBDHIDCustomHidCompositeInit
000015ed   CustomHidChangeHandler
00001651   IntEnable
00001777   USBDevEndpointStatusClear
00001835   SysCtlPeripheralEnable
0000188d   USBDHIDCustomHidStateChange
000019e9   USBDCDConfigDescGet
00001a39   USBDevEndpointStallClear
00001ad9   copy_in
00001b6f   USBDHIDReportWrite
00001bb9   USBDeviceResumeTickHandler
00001c01   _c_int00
00001c49   USBFIFOConfigSet
00001d19   USBEndpointDataGet
00001d5d   C$$EXIT
00001d61   abort
00001d69   exit
00001e1d   USBDCDConfigGetInterfaceEndpoint
00001e91   USBIntStatusControl
00001f35   USBDevEndpointStall
00001f6d   CustomHidHandler
00002009   InternalUSBStartOfFrameTick
0000203d   USBDeviceEnumResetHandler
000020a1   InternalUSBTickInit
000020d1   USBEndpointDataPut
00002101   GPIODirModeSet
0000212f   USBEndpointDataSend
0000215d   InternalUSBRegisterTickHandler
00002189   USBDCDConfigDescGetNum
000021b5   USBDescGet
0000220d   SysTickIntHandler
00002235   USBDescGetNum
0000225d   USBIntEnableControl
00002285   WaitForSendIdle
000022d1   USBDevEndpointDataAck
00002379   USBDHIDCustomHidInit
00002399   USBStackModeSet
000023b9   USBEndpointDataAvail
0000242b   USBDCDConfigGetInterface
00002449   USBDCDStallEP0
00002465   USB0DeviceIntHandler
0000247d   USBDCDConfigDescGetSize
00002495   USBDHIDInit
000024dd   _register_unlock
000024e3   _register_lock
000024e9   _nop
000024f5   _args_main
0000250d   USBHostResume
00002539   USBDCDRequestDataEP0
0000254d   USBIntEnableEndpoint
00002561   GPIOPinTypeUSBAnalog
00002597   USBEndpointStatus
000025a9   __TI_zero_init
000025bd   SysCtlUSBPLLEnable
000025cd   USBDCDSendDataEP0
000025dd   USBDHIDTxPacketAvailable
000025ed   __TI_decompress_none
000025fb   USBIntStatusEndpoint
00002607   USBDevConnect
00002611   USBDevDisconnect
0000261b   USBDevMode
00002623   USBOTGMode
0000262b   ResetISR
00002631   SysCtlDelay
00002637   __TI_decompress_rle24
00002641   USBDevAddrSet
00002644   g_sUSBDefaultFIFOConfig
00002798   g_pLangDescriptor
0000279c   g_pSerialNumberString
000027ae   g_pHIDInterfaceString
000027c0   g_pStringDescriptors
000027d8   g_sCustomHidDevice
000028a8   g_pHIDInEndpoint
000028af   g_pHIDOutEndpoint
000028b8   g_sHIDConfigSection
000028c0   g_sHIDInterfaceSection
000028c8   g_sHIDInEndpointSection
000028d0   g_sHIDOutEndpointSection
000028d8   g_pHIDConfigDescriptors
000028dc   g_pConfigString
0000290c   g_pManufacturerString
00002930   g_pProductString
00002a08   __TI_Handler_Table_Base
00002a14   __TI_Handler_Table_Limit
00002a20   __TI_CINIT_Base
00002a30   __TI_CINIT_Limit
20000000   __stack
20000400   __STACK_END
20000400   __STACK_TOP
20000400   g_sCustomHidInstance
20000474   g_psUSBDevice
20000508   g_pfTickHandlers
20000520   g_pvTickInstance
20000538   g_ulCommands
2000053c   g_bConnected
20000540   g_ulSysTickCount
20000544   g_ulPollRate
20000548   g_eOTGModeState
20000550   g_sHIDDeviceInfo
2000059c   g_pHIDDeviceDescriptor
200005ae   g_pHIDDescriptor
200005b7   g_pHIDInterface
200005c0   g_sHIDDescriptorSection
200005c8   g_psHIDSections
200005dc   g_sHIDConfigHeader
200005e4   g_bUSBTimerInitialized
200005e8   g_ulCurrentUSBTick
200005ec   g_ulUSBSOFCount
200005f0   g_eUSBMode
200005f4   g_ulWaitTicks
200005fc   _lock
20000600   _unlock
20000604   _cleanup_ptr
20000608   _dtors_ptr
2000060c   main_func_sp
20000614   g_eCustomHidState
ffffffff   __binit__
ffffffff   __c_args__
ffffffff   binit
UNDEFED    SHT$$INIT_ARRAY$$Base
UNDEFED    SHT$$INIT_ARRAY$$Limit

[141 symbols]
